exports[`components/root/Root renders correctly 1`] = `
<Provider
  store={
    Object {
      "store": "store",
    }
  }>
  <Router
    history={
      Object {
        "history": "history",
      }
    }
    routes="routes" />
</Provider>
`;
